---
source: crates/flight-simconnect/tests/variable_names.rs
expression: names
---
- ACCELERATION BODY X
- ACCELERATION BODY Z
- AIRSPEED INDICATED
- AIRSPEED MACH
- AIRSPEED TRUE
- AMBIENT CLOUD COVERAGE
- AMBIENT TEMPERATURE
- AMBIENT VISIBILITY
- AMBIENT WIND DIRECTION
- AMBIENT WIND VELOCITY
- AUTOPILOT AIRSPEED HOLD
- AUTOPILOT AIRSPEED HOLD VAR
- AUTOPILOT ALTITUDE LOCK
- AUTOPILOT ALTITUDE LOCK VAR
- AUTOPILOT HEADING LOCK
- AUTOPILOT HEADING LOCK DIR
- AUTOPILOT MASTER
- FLAPS HANDLE PERCENT
- FUEL TANK LEFT MAIN QUANTITY
- FUEL TANK RIGHT MAIN QUANTITY
- G FORCE
- GEAR CENTER POSITION
- GEAR LEFT POSITION
- GEAR RIGHT POSITION
- "GENERAL ENG COMBUSTION:1"
- "GENERAL ENG EXHAUST GAS TEMPERATURE:1"
- "GENERAL ENG FUEL FLOW GPH:1"
- "GENERAL ENG OIL PRESSURE:1"
- "GENERAL ENG OIL TEMPERATURE:1"
- "GENERAL ENG RPM:1"
- GPS GROUND TRUE TRACK
- GPS WP DISTANCE
- GPS WP ETE
- GPS WP NEXT ID
- GROUND VELOCITY
- INCIDENCE ALPHA
- INCIDENCE BETA
- INDICATED ALTITUDE
- LIGHT BEACON
- LIGHT LANDING
- LIGHT LOGO
- LIGHT NAV
- LIGHT STROBE
- LIGHT TAXI
- LIGHT WING
- PLANE BANK DEGREES
- PLANE HEADING DEGREES MAGNETIC
- PLANE LATITUDE
- PLANE LONGITUDE
- PLANE PITCH DEGREES
- PRESSURE ALTITUDE
- "RECIP ENG CYLINDER HEAD TEMPERATURE:1"
- "RECIP ENG MANIFOLD PRESSURE:1"
- SPOILERS HANDLE POSITION
- VERTICAL SPEED
