---
source: crates/flight-core/tests/snapshots.rs
expression: entries
---
- "[DEV-001] (Device) Device not found"
- "[DEV-002] (Device) Device open failed"
- "[DEV-003] (Device) Device read timeout"
- "[DEV-004] (Device) Device write failed"
- "[DEV-005] (Device) Calibration data missing"
- "[SIM-001] (Simulator) SimConnect unavailable"
- "[SIM-002] (Simulator) Sim connection lost"
- "[SIM-003] (Simulator) Sim variable not found"
- "[SIM-004] (Simulator) Sim version mismatch"
- "[PRF-001] (Profile) Profile parse error"
- "[PRF-002] (Profile) Profile schema invalid"
- "[PRF-003] (Profile) Profile merge conflict"
- "[PRF-004] (Profile) Profile not found"
- "[SVC-001] (Service) Service start failed"
- "[SVC-002] (Service) Instance lock held"
- "[SVC-003] (Service) Graceful shutdown timeout"
- "[SVC-004] (Service) Health check failed"
- "[PLG-001] (Plugin) Plugin load failed"
- "[PLG-002] (Plugin) Plugin capability denied"
- "[PLG-003] (Plugin) Plugin timeout"
- "[PLG-004] (Plugin) Plugin panic"
- "[NET-001] (Network) gRPC bind failed"
- "[NET-002] (Network) gRPC connection refused"
- "[NET-003] (Network) TLS handshake failed"
- "[NET-004] (Network) Cloud sync failed"
- "[CFG-001] (Configuration) Config file missing"
- "[CFG-002] (Configuration) Config parse error"
- "[CFG-003] (Configuration) Config value out of range"
- "[CFG-004] (Configuration) Config migration required"
- "[INT-001] (Internal) RT spine overrun"
- "[INT-002] (Internal) Bus queue full"
- "[INT-003] (Internal) Unexpected state"
- "[INT-004] (Internal) Allocation in RT path"
