---
source: crates/flight-core/tests/snapshots.rs
expression: "trace.join(\"\\n\")"
---
initial: state=Closed failures=0
after success 1: state=Closed failures=0
after success 2: state=Closed failures=0
after failure 1: state=Closed failures=1
after failure 2: state=Closed failures=2
after failure 3 (threshold): state=Open failures=3
call in open: result=Rejected state=Open failures=3
after timeout: result=Rejected state=Open failures=3
half-open success 1: state=Open failures=3
half-open success 2 (close): state=Open failures=3
after reset: state=Closed failures=0
