---
source: crates/flight-core/tests/snapshots.rs
expression: "trace.join(\"\\n\")"
---
initial: state=Closed failures=0 total_calls=0
after failure (open): state=Open failures=1 total_calls=1
after timeout (half-open): state=HalfOpen failures=1 total_calls=2
failure in half-open (re-open): state=Open failures=1 total_calls=2
